\BOOKMARK [1][-]{section.1}{\376\377\000P\000a\000r\000a\000m\000e\000t\000r\000i\000c\000\040\000P\000l\000o\000t\000s}{}% 1
\BOOKMARK [1][-]{section.2}{\376\377\000A\000d\000i\000c\000i\000o\000n\000a\000l}{}% 2
